###############################################################################
#
# IAR ELF Linker V9.30.1.335/W64 for ARM                  20/Nov/2022  16:53:12
# Copyright 2007-2022 IAR Systems AB.
#
#    Output file  =
#        E:\Code\MCU\RT1052NewProject\Prj\IAR\Debug\Exe\NewProject.out
#    Map file     =
#        E:\Code\MCU\RT1052NewProject\Prj\IAR\Debug\List\NewProject.map
#    Command line =
#        -f E:\Code\MCU\RT1052NewProject\Prj\IAR\Debug\Exe\NewProject.out.rsp
#        (E:\Code\MCU\RT1052NewProject\Prj\IAR\Debug\Obj\Chip\src\fsl_clock.o
#        E:\Code\MCU\RT1052NewProject\Prj\IAR\Debug\Obj\Chip\src\common\fsl_common.o
#        E:\Code\MCU\RT1052NewProject\Prj\IAR\Debug\Obj\Chip\src\common\fsl_common_arm.o
#        E:\Code\MCU\RT1052NewProject\Prj\IAR\Debug\Obj\utilities\debug_console\fsl_debug_console.o
#        E:\Code\MCU\RT1052NewProject\Prj\IAR\Debug\Obj\Chip\src\fsl_gpt.o
#        E:\Code\MCU\RT1052NewProject\Prj\IAR\Debug\Obj\Board\src\gpt.o
#        E:\Code\MCU\RT1052NewProject\Prj\IAR\Debug\Obj\Board\src\led.o
#        E:\Code\MCU\RT1052NewProject\Prj\IAR\Debug\Obj\App\src\main.o
#        E:\Code\MCU\RT1052NewProject\Prj\IAR\Debug\Obj\Chip\src\IAR\startup_MIMXRT1052.o
#        E:\Code\MCU\RT1052NewProject\Prj\IAR\Debug\Obj\Chip\src\IAR\system_MIMXRT1052.o
#        --redirect _Printf=_PrintfSmallNoMb --redirect _Scanf=_ScanfSmallNoMb
#        --no_out_extension -o
#        E:\Code\MCU\RT1052NewProject\Prj\IAR\Debug\Exe\NewProject.out --map
#        E:\Code\MCU\RT1052NewProject\Prj\IAR\Debug\List\NewProject.map
#        --config
#        E:\Code\MCU\RT1052NewProject\Prj\IAR\ConfigFiles\MIMXRT1052xxxxx_ram.icf
#        --semihosting --entry Reset_Handler --vfe --text_out locale
#        --cpu=Cortex-M7 --fpu=VFPv5_d16)
#
###############################################################################

*******************************************************************************
*** RUNTIME MODEL ATTRIBUTES
***

CppFlavor       = *
__CPP_Runtime   = 1
__Heap_Handler  = DLMalloc
__SystemLibrary = DLib
__dlib_version  = 6


*******************************************************************************
*** HEAP SELECTION
***

The advanced heap was selected because the application calls
memory allocation functions outside of system library functions,
there are calls to deallocation functions in the application, and
the application appears to be primarily optimized for speed.


*******************************************************************************
*** PLACEMENT SUMMARY
***

"A0":  place at address 0x0 { ro section .intvec };
"P1":  place in [from 0x0 to 0x3ff] |
                [from 0x400 to 0x1'ffff] { ro };
define block QACCESS_CODE { section CodeQuickAccess };
"P6":  place in [from 0x0 to 0x3ff] |
                [from 0x400 to 0x1'ffff] { block QACCESS_CODE };
define block RW { rw };
"P2":  place in [from 0x2000'0000 to 0x2001'fbff] { block RW };
define block ZI { zi };
"P3":  place in [from 0x2000'0000 to 0x2001'fbff] { block ZI };
define block NCACHE_VAR { section NonCacheable, section NonCacheable.init };
"P5":  place in [from 0x2000'0000 to 0x2001'fbff] { block NCACHE_VAR };
define block QACCESS_DATA { section DataQuickAccess };
"P7":  place in [from 0x2000'0000 to 0x2001'fbff] { block QACCESS_DATA };
define block CSTACK with size = 1K, alignment = 8 { };
"P8":  place in [from 0x2001'fc00 to 0x2001'ffff] { block CSTACK };

No sections matched the following patterns:

  section CodeQuickAccess    in block QACCESS_CODE
  section DataQuickAccess    in block QACCESS_DATA
  section NonCacheable       in block NCACHE_VAR
  section NonCacheable.init  in block NCACHE_VAR


  Section          Kind         Address   Size  Object
  -------          ----         -------   ----  ------
"A0":                                    0x400
  .intvec          ro code          0x0  0x400  startup_MIMXRT1052.o [4]
                                - 0x400  0x400

"P1|P6":                                 0x7e8
  .text            ro code        0x400  0x2ea  fsl_debug_console.o [6]
  .text            ro code        0x6ea    0x2  startup_MIMXRT1052.o [4]
  .text            ro code        0x6ec   0xa6  ABImemcpy.o [9]
  .text            ro code        0x792    0x2  startup_MIMXRT1052.o [4]
  .text            ro code        0x794   0x36  strlen.o [9]
  .text            ro code        0x7ca    0x2  startup_MIMXRT1052.o [4]
  .text            ro code        0x7cc  0x148  system_MIMXRT1052.o [4]
  .text            ro code        0x914    0x2  system_MIMXRT1052.o [4]
  .text            ro code        0x916   0x38  zero_init3.o [9]
  .text            ro code        0x94e    0x2  startup_MIMXRT1052.o [4]
  .text            ro code        0x950   0x28  startup_MIMXRT1052.o [4]
  .text            ro code        0x978   0x28  data_init.o [9]
  .text            ro code        0x9a0   0x22  fpinit_M.o [8]
  .iar.init_table  const          0x9c4   0x10  - Linker created -
  .text            ro code        0x9d4    0x2  startup_MIMXRT1052.o [4]
  .text            ro code        0x9d8   0x1e  cmain.o [9]
  .text            ro code        0x9f6    0x4  low_level_init.o [7]
  .text            ro code        0x9fa    0x2  startup_MIMXRT1052.o [4]
  .text            ro code        0x9fc   0x10  main.o [1]
  .text            ro code        0xa0c    0x4  exit.o [7]
  .text            ro code        0xa10    0xa  cexit.o [9]
  .text            ro code        0xa1a    0x2  startup_MIMXRT1052.o [4]
  .text            ro code        0xa1c   0x14  exit.o [10]
  .rodata          const          0xa30   0x1c  main.o [1]
  .text            ro code        0xa4c   0x1c  cstartup_M.o [9]
  .text            ro code        0xa68    0x8  startup_MIMXRT1052.o [4]
  .text            ro code        0xa70    0x8  startup_MIMXRT1052.o [4]
  .text            ro code        0xa78    0x8  startup_MIMXRT1052.o [4]
  .text            ro code        0xa80    0x8  startup_MIMXRT1052.o [4]
  .text            ro code        0xa88    0x8  startup_MIMXRT1052.o [4]
  .text            ro code        0xa90    0x8  startup_MIMXRT1052.o [4]
  .text            ro code        0xa98    0x8  startup_MIMXRT1052.o [4]
  .text            ro code        0xaa0    0x8  startup_MIMXRT1052.o [4]
  .text            ro code        0xaa8    0x8  startup_MIMXRT1052.o [4]
  .text            ro code        0xab0    0x8  startup_MIMXRT1052.o [4]
  .text            ro code        0xab8    0x8  startup_MIMXRT1052.o [4]
  .text            ro code        0xac0    0x8  startup_MIMXRT1052.o [4]
  .text            ro code        0xac8    0x8  startup_MIMXRT1052.o [4]
  .text            ro code        0xad0    0x8  startup_MIMXRT1052.o [4]
  .text            ro code        0xad8    0x8  startup_MIMXRT1052.o [4]
  .text            ro code        0xae0    0x8  startup_MIMXRT1052.o [4]
  .text            ro code        0xae8    0x8  startup_MIMXRT1052.o [4]
  .text            ro code        0xaf0    0x8  startup_MIMXRT1052.o [4]
  .text            ro code        0xaf8    0x8  startup_MIMXRT1052.o [4]
  .text            ro code        0xb00    0x8  startup_MIMXRT1052.o [4]
  .text            ro code        0xb08    0x8  startup_MIMXRT1052.o [4]
  .text            ro code        0xb10    0x8  startup_MIMXRT1052.o [4]
  .text            ro code        0xb18    0x8  startup_MIMXRT1052.o [4]
  .text            ro code        0xb20    0x8  startup_MIMXRT1052.o [4]
  .text            ro code        0xb28    0x8  startup_MIMXRT1052.o [4]
  .text            ro code        0xb30    0x8  startup_MIMXRT1052.o [4]
  .text            ro code        0xb38    0x8  startup_MIMXRT1052.o [4]
  .text            ro code        0xb40    0x8  startup_MIMXRT1052.o [4]
  .text            ro code        0xb48    0x8  startup_MIMXRT1052.o [4]
  .text            ro code        0xb50    0x8  startup_MIMXRT1052.o [4]
  .text            ro code        0xb58    0x8  startup_MIMXRT1052.o [4]
  .text            ro code        0xb60    0x8  startup_MIMXRT1052.o [4]
  .text            ro code        0xb68    0x8  startup_MIMXRT1052.o [4]
  .text            ro code        0xb70    0x8  startup_MIMXRT1052.o [4]
  .text            ro code        0xb78    0x8  startup_MIMXRT1052.o [4]
  .text            ro code        0xb80    0x8  startup_MIMXRT1052.o [4]
  .text            ro code        0xb88    0x8  startup_MIMXRT1052.o [4]
  .text            ro code        0xb90    0x8  startup_MIMXRT1052.o [4]
  .text            ro code        0xb98    0x8  startup_MIMXRT1052.o [4]
  .text            ro code        0xba0    0x8  startup_MIMXRT1052.o [4]
  .text            ro code        0xba8    0x8  startup_MIMXRT1052.o [4]
  .text            ro code        0xbb0    0x8  startup_MIMXRT1052.o [4]
  .text            ro code        0xbb8    0x8  startup_MIMXRT1052.o [4]
  .text            ro code        0xbc0    0x8  startup_MIMXRT1052.o [4]
  .text            ro code        0xbc8    0x8  startup_MIMXRT1052.o [4]
  .text            ro code        0xbd0    0x8  startup_MIMXRT1052.o [4]
  .text            ro code        0xbd8    0x8  startup_MIMXRT1052.o [4]
  .text            ro code        0xbe0    0x4  startup_MIMXRT1052.o [4]
  .text            ro code        0xbe4    0x2  startup_MIMXRT1052.o [4]
  .text            ro code        0xbe6    0x2  startup_MIMXRT1052.o [4]
  .rodata          const          0xbe8    0x0  zero_init3.o [9]
                                - 0xbe8  0x7e8

"P2-P3|P5|P7":                            0x14
  ZI                        0x2000'0000   0x14  <Block>
    .bss           zero     0x2000'0000   0x14  fsl_debug_console.o [6]
                          - 0x2000'0014   0x14

"P8":                                    0x400
  CSTACK                    0x2001'fc00  0x400  <Block>
    CSTACK         uninit   0x2001'fc00  0x400  <Block tail>
                          - 0x2002'0000  0x400

Unused ranges:

         From           To      Size
         ----           --      ----
        0xbe8     0x1'ffff  0x1'f418
  0x2000'0014  0x2001'fbff  0x1'fbec


*******************************************************************************
*** INIT TABLE
***

          Address      Size
          -------      ----
Zero (__iar_zero_init3)
    1 destination range, total size 0x14:
          0x2000'0000  0x14



*******************************************************************************
*** MODULE SUMMARY
***

    Module                ro code  ro data  rw data
    ------                -------  -------  -------
command line/config:
    -----------------------------------------------
    Total:

E:\Code\MCU\RT1052NewProject\Prj\IAR\Debug\Obj\App\src: [1]
    main.o                     16       28
    -----------------------------------------------
    Total:                     16       28

E:\Code\MCU\RT1052NewProject\Prj\IAR\Debug\Obj\Board\src: [2]
    -----------------------------------------------
    Total:

E:\Code\MCU\RT1052NewProject\Prj\IAR\Debug\Obj\Chip\src: [3]
    -----------------------------------------------
    Total:

E:\Code\MCU\RT1052NewProject\Prj\IAR\Debug\Obj\Chip\src\IAR: [4]
    startup_MIMXRT1052.o    1'462
    system_MIMXRT1052.o       330
    -----------------------------------------------
    Total:                  1'792

E:\Code\MCU\RT1052NewProject\Prj\IAR\Debug\Obj\Chip\src\common: [5]
    -----------------------------------------------
    Total:

E:\Code\MCU\RT1052NewProject\Prj\IAR\Debug\Obj\utilities\debug_console: [6]
    fsl_debug_console.o       746                20
    -----------------------------------------------
    Total:                    746                20

dl7M_tln.a: [7]
    exit.o                      4
    low_level_init.o            4
    -----------------------------------------------
    Total:                      8

m7M_tlv.a: [8]
    fpinit_M.o                 34
    -----------------------------------------------
    Total:                     34

rt7M_tl.a: [9]
    ABImemcpy.o               166
    cexit.o                    10
    cmain.o                    30
    cstartup_M.o               28
    data_init.o                40
    strlen.o                   54
    zero_init3.o               56
    -----------------------------------------------
    Total:                    384

shb_l.a: [10]
    exit.o                     20
    -----------------------------------------------
    Total:                     20

    Gaps                        2        2
    Linker created                      16    1'024
---------------------------------------------------
    Grand Total:            3'002       46    1'044


*******************************************************************************
*** ENTRY LIST
***

Entry                       Address   Size  Type      Object
-----                       -------   ----  ----      ------
.iar.init_table$$Base         0x9c4          --   Gb  - Linker created -
.iar.init_table$$Limit        0x9d4          --   Gb  - Linker created -
?main                         0x9d9         Code  Gb  cmain.o [9]
ACMP1_IRQHandler              0xbe1         Code  Wk  startup_MIMXRT1052.o [4]
ACMP2_IRQHandler              0xbe1         Code  Wk  startup_MIMXRT1052.o [4]
ACMP3_IRQHandler              0xbe1         Code  Wk  startup_MIMXRT1052.o [4]
ACMP4_IRQHandler              0xbe1         Code  Wk  startup_MIMXRT1052.o [4]
ADC1_IRQHandler               0xbe1         Code  Wk  startup_MIMXRT1052.o [4]
ADC2_IRQHandler               0xbe1         Code  Wk  startup_MIMXRT1052.o [4]
ADC_ETC_ERROR_IRQ_IRQHandler
                              0xbe1         Code  Wk  startup_MIMXRT1052.o [4]
ADC_ETC_IRQ0_IRQHandler
                              0xbe1         Code  Wk  startup_MIMXRT1052.o [4]
ADC_ETC_IRQ1_IRQHandler
                              0xbe1         Code  Wk  startup_MIMXRT1052.o [4]
ADC_ETC_IRQ2_IRQHandler
                              0xbe1         Code  Wk  startup_MIMXRT1052.o [4]
BEE_IRQHandler                0xbe1         Code  Wk  startup_MIMXRT1052.o [4]
BusFault_Handler              0x94f         Code  Wk  startup_MIMXRT1052.o [4]
CAN1_DriverIRQHandler         0xbe1         Code  Wk  startup_MIMXRT1052.o [4]
CAN1_IRQHandler               0xb71         Code  Wk  startup_MIMXRT1052.o [4]
CAN2_DriverIRQHandler         0xbe1         Code  Wk  startup_MIMXRT1052.o [4]
CAN2_IRQHandler               0xb79         Code  Wk  startup_MIMXRT1052.o [4]
CCM_1_IRQHandler              0xbe1         Code  Wk  startup_MIMXRT1052.o [4]
CCM_2_IRQHandler              0xbe1         Code  Wk  startup_MIMXRT1052.o [4]
CORE_IRQHandler               0xbe1         Code  Wk  startup_MIMXRT1052.o [4]
CSI_IRQHandler                0xbe1         Code  Wk  startup_MIMXRT1052.o [4]
CSTACK$$Base            0x2001'fc00          --   Gb  - Linker created -
CSTACK$$Limit           0x2002'0000          --   Gb  - Linker created -
CSU_IRQHandler                0xbe1         Code  Wk  startup_MIMXRT1052.o [4]
CTI0_ERROR_IRQHandler         0xbe1         Code  Wk  startup_MIMXRT1052.o [4]
CTI1_ERROR_IRQHandler         0xbe1         Code  Wk  startup_MIMXRT1052.o [4]
DCDC_IRQHandler               0xbe1         Code  Wk  startup_MIMXRT1052.o [4]
DCP_IRQHandler                0xbe1         Code  Wk  startup_MIMXRT1052.o [4]
DCP_VMI_IRQHandler            0xbe1         Code  Wk  startup_MIMXRT1052.o [4]
DMA0_DMA16_DriverIRQHandler
                              0xbe1         Code  Wk  startup_MIMXRT1052.o [4]
DMA0_DMA16_IRQHandler         0xa69         Code  Wk  startup_MIMXRT1052.o [4]
DMA10_DMA26_DriverIRQHandler
                              0xbe1         Code  Wk  startup_MIMXRT1052.o [4]
DMA10_DMA26_IRQHandler        0xab9         Code  Wk  startup_MIMXRT1052.o [4]
DMA11_DMA27_DriverIRQHandler
                              0xbe1         Code  Wk  startup_MIMXRT1052.o [4]
DMA11_DMA27_IRQHandler        0xac1         Code  Wk  startup_MIMXRT1052.o [4]
DMA12_DMA28_DriverIRQHandler
                              0xbe1         Code  Wk  startup_MIMXRT1052.o [4]
DMA12_DMA28_IRQHandler        0xac9         Code  Wk  startup_MIMXRT1052.o [4]
DMA13_DMA29_DriverIRQHandler
                              0xbe1         Code  Wk  startup_MIMXRT1052.o [4]
DMA13_DMA29_IRQHandler        0xad1         Code  Wk  startup_MIMXRT1052.o [4]
DMA14_DMA30_DriverIRQHandler
                              0xbe1         Code  Wk  startup_MIMXRT1052.o [4]
DMA14_DMA30_IRQHandler        0xad9         Code  Wk  startup_MIMXRT1052.o [4]
DMA15_DMA31_DriverIRQHandler
                              0xbe1         Code  Wk  startup_MIMXRT1052.o [4]
DMA15_DMA31_IRQHandler        0xae1         Code  Wk  startup_MIMXRT1052.o [4]
DMA1_DMA17_DriverIRQHandler
                              0xbe1         Code  Wk  startup_MIMXRT1052.o [4]
DMA1_DMA17_IRQHandler         0xa71         Code  Wk  startup_MIMXRT1052.o [4]
DMA2_DMA18_DriverIRQHandler
                              0xbe1         Code  Wk  startup_MIMXRT1052.o [4]
DMA2_DMA18_IRQHandler         0xa79         Code  Wk  startup_MIMXRT1052.o [4]
DMA3_DMA19_DriverIRQHandler
                              0xbe1         Code  Wk  startup_MIMXRT1052.o [4]
DMA3_DMA19_IRQHandler         0xa81         Code  Wk  startup_MIMXRT1052.o [4]
DMA4_DMA20_DriverIRQHandler
                              0xbe1         Code  Wk  startup_MIMXRT1052.o [4]
DMA4_DMA20_IRQHandler         0xa89         Code  Wk  startup_MIMXRT1052.o [4]
DMA5_DMA21_DriverIRQHandler
                              0xbe1         Code  Wk  startup_MIMXRT1052.o [4]
DMA5_DMA21_IRQHandler         0xa91         Code  Wk  startup_MIMXRT1052.o [4]
DMA6_DMA22_DriverIRQHandler
                              0xbe1         Code  Wk  startup_MIMXRT1052.o [4]
DMA6_DMA22_IRQHandler         0xa99         Code  Wk  startup_MIMXRT1052.o [4]
DMA7_DMA23_DriverIRQHandler
                              0xbe1         Code  Wk  startup_MIMXRT1052.o [4]
DMA7_DMA23_IRQHandler         0xaa1         Code  Wk  startup_MIMXRT1052.o [4]
DMA8_DMA24_DriverIRQHandler
                              0xbe1         Code  Wk  startup_MIMXRT1052.o [4]
DMA8_DMA24_IRQHandler         0xaa9         Code  Wk  startup_MIMXRT1052.o [4]
DMA9_DMA25_DriverIRQHandler
                              0xbe1         Code  Wk  startup_MIMXRT1052.o [4]
DMA9_DMA25_IRQHandler         0xab1         Code  Wk  startup_MIMXRT1052.o [4]
DMA_ERROR_DriverIRQHandler
                              0xbe1         Code  Wk  startup_MIMXRT1052.o [4]
DMA_ERROR_IRQHandler          0xae9         Code  Wk  startup_MIMXRT1052.o [4]
DbgConsole_ConvertRadixNumToString
                              0x46f   0x4e  Code  Lc  fsl_debug_console.o [6]
DbgConsole_Printf             0x401    0xe  Code  Gb  fsl_debug_console.o [6]
DbgConsole_PrintfFormattedData
                              0x4bd  0x22e  Code  Lc  fsl_debug_console.o [6]
DbgConsole_PrintfPaddingCharacter
                              0x449   0x26  Code  Lc  fsl_debug_console.o [6]
DbgConsole_Putchar            0x429   0x1c  Code  Gb  fsl_debug_console.o [6]
DbgConsole_Vprintf            0x40f   0x18  Code  Gb  fsl_debug_console.o [6]
DebugMon_Handler              0xa1b         Code  Wk  startup_MIMXRT1052.o [4]
DefaultISR                    0xbe1         Code  Wk  startup_MIMXRT1052.o [4]
ENC1_IRQHandler               0xbe1         Code  Wk  startup_MIMXRT1052.o [4]
ENC2_IRQHandler               0xbe1         Code  Wk  startup_MIMXRT1052.o [4]
ENC3_IRQHandler               0xbe1         Code  Wk  startup_MIMXRT1052.o [4]
ENC4_IRQHandler               0xbe1         Code  Wk  startup_MIMXRT1052.o [4]
ENET_1588_Timer_DriverIRQHandler
                              0xbe1         Code  Wk  startup_MIMXRT1052.o [4]
ENET_1588_Timer_IRQHandler
                              0xbd9         Code  Wk  startup_MIMXRT1052.o [4]
ENET_DriverIRQHandler         0xbe1         Code  Wk  startup_MIMXRT1052.o [4]
ENET_IRQHandler               0xbd1         Code  Wk  startup_MIMXRT1052.o [4]
EWM_IRQHandler                0xbe1         Code  Wk  startup_MIMXRT1052.o [4]
FLEXIO1_DriverIRQHandler
                              0xbe1         Code  Wk  startup_MIMXRT1052.o [4]
FLEXIO1_IRQHandler            0xba9         Code  Wk  startup_MIMXRT1052.o [4]
FLEXIO2_DriverIRQHandler
                              0xbe1         Code  Wk  startup_MIMXRT1052.o [4]
FLEXIO2_IRQHandler            0xbb1         Code  Wk  startup_MIMXRT1052.o [4]
FLEXRAM_IRQHandler            0xbe1         Code  Wk  startup_MIMXRT1052.o [4]
FLEXSPI_DriverIRQHandler
                              0xbe1         Code  Wk  startup_MIMXRT1052.o [4]
FLEXSPI_IRQHandler            0xbb9         Code  Wk  startup_MIMXRT1052.o [4]
GPC_IRQHandler                0xbe1         Code  Wk  startup_MIMXRT1052.o [4]
GPIO1_Combined_0_15_IRQHandler
                              0xbe1         Code  Wk  startup_MIMXRT1052.o [4]
GPIO1_Combined_16_31_IRQHandler
                              0xbe1         Code  Wk  startup_MIMXRT1052.o [4]
GPIO1_INT0_IRQHandler         0xbe1         Code  Wk  startup_MIMXRT1052.o [4]
GPIO1_INT1_IRQHandler         0xbe1         Code  Wk  startup_MIMXRT1052.o [4]
GPIO1_INT2_IRQHandler         0xbe1         Code  Wk  startup_MIMXRT1052.o [4]
GPIO1_INT3_IRQHandler         0xbe1         Code  Wk  startup_MIMXRT1052.o [4]
GPIO1_INT4_IRQHandler         0xbe1         Code  Wk  startup_MIMXRT1052.o [4]
GPIO1_INT5_IRQHandler         0xbe1         Code  Wk  startup_MIMXRT1052.o [4]
GPIO1_INT6_IRQHandler         0xbe1         Code  Wk  startup_MIMXRT1052.o [4]
GPIO1_INT7_IRQHandler         0xbe1         Code  Wk  startup_MIMXRT1052.o [4]
GPIO2_Combined_0_15_IRQHandler
                              0xbe1         Code  Wk  startup_MIMXRT1052.o [4]
GPIO2_Combined_16_31_IRQHandler
                              0xbe1         Code  Wk  startup_MIMXRT1052.o [4]
GPIO3_Combined_0_15_IRQHandler
                              0xbe1         Code  Wk  startup_MIMXRT1052.o [4]
GPIO3_Combined_16_31_IRQHandler
                              0xbe1         Code  Wk  startup_MIMXRT1052.o [4]
GPIO4_Combined_0_15_IRQHandler
                              0xbe1         Code  Wk  startup_MIMXRT1052.o [4]
GPIO4_Combined_16_31_IRQHandler
                              0xbe1         Code  Wk  startup_MIMXRT1052.o [4]
GPIO5_Combined_0_15_IRQHandler
                              0xbe1         Code  Wk  startup_MIMXRT1052.o [4]
GPIO5_Combined_16_31_IRQHandler
                              0xbe1         Code  Wk  startup_MIMXRT1052.o [4]
GPR_IRQ_IRQHandler            0xbe1         Code  Wk  startup_MIMXRT1052.o [4]
GPT1_IRQHandler               0xbe1         Code  Wk  startup_MIMXRT1052.o [4]
GPT2_IRQHandler               0xbe1         Code  Wk  startup_MIMXRT1052.o [4]
HardFault_Handler             0x793         Code  Wk  startup_MIMXRT1052.o [4]
KPP_IRQHandler                0xbe1         Code  Wk  startup_MIMXRT1052.o [4]
LCDIF_IRQHandler              0xbe1         Code  Wk  startup_MIMXRT1052.o [4]
LPI2C1_DriverIRQHandler
                              0xbe1         Code  Wk  startup_MIMXRT1052.o [4]
LPI2C1_IRQHandler             0xb31         Code  Wk  startup_MIMXRT1052.o [4]
LPI2C2_DriverIRQHandler
                              0xbe1         Code  Wk  startup_MIMXRT1052.o [4]
LPI2C2_IRQHandler             0xb39         Code  Wk  startup_MIMXRT1052.o [4]
LPI2C3_DriverIRQHandler
                              0xbe1         Code  Wk  startup_MIMXRT1052.o [4]
LPI2C3_IRQHandler             0xb41         Code  Wk  startup_MIMXRT1052.o [4]
LPI2C4_DriverIRQHandler
                              0xbe1         Code  Wk  startup_MIMXRT1052.o [4]
LPI2C4_IRQHandler             0xb49         Code  Wk  startup_MIMXRT1052.o [4]
LPSPI1_DriverIRQHandler
                              0xbe1         Code  Wk  startup_MIMXRT1052.o [4]
LPSPI1_IRQHandler             0xb51         Code  Wk  startup_MIMXRT1052.o [4]
LPSPI2_DriverIRQHandler
                              0xbe1         Code  Wk  startup_MIMXRT1052.o [4]
LPSPI2_IRQHandler             0xb59         Code  Wk  startup_MIMXRT1052.o [4]
LPSPI3_DriverIRQHandler
                              0xbe1         Code  Wk  startup_MIMXRT1052.o [4]
LPSPI3_IRQHandler             0xb61         Code  Wk  startup_MIMXRT1052.o [4]
LPSPI4_DriverIRQHandler
                              0xbe1         Code  Wk  startup_MIMXRT1052.o [4]
LPSPI4_IRQHandler             0xb69         Code  Wk  startup_MIMXRT1052.o [4]
LPUART1_DriverIRQHandler
                              0xbe1         Code  Wk  startup_MIMXRT1052.o [4]
LPUART1_IRQHandler            0xaf1         Code  Wk  startup_MIMXRT1052.o [4]
LPUART2_DriverIRQHandler
                              0xbe1         Code  Wk  startup_MIMXRT1052.o [4]
LPUART2_IRQHandler            0xaf9         Code  Wk  startup_MIMXRT1052.o [4]
LPUART3_DriverIRQHandler
                              0xbe1         Code  Wk  startup_MIMXRT1052.o [4]
LPUART3_IRQHandler            0xb01         Code  Wk  startup_MIMXRT1052.o [4]
LPUART4_DriverIRQHandler
                              0xbe1         Code  Wk  startup_MIMXRT1052.o [4]
LPUART4_IRQHandler            0xb09         Code  Wk  startup_MIMXRT1052.o [4]
LPUART5_DriverIRQHandler
                              0xbe1         Code  Wk  startup_MIMXRT1052.o [4]
LPUART5_IRQHandler            0xb11         Code  Wk  startup_MIMXRT1052.o [4]
LPUART6_DriverIRQHandler
                              0xbe1         Code  Wk  startup_MIMXRT1052.o [4]
LPUART6_IRQHandler            0xb19         Code  Wk  startup_MIMXRT1052.o [4]
LPUART7_DriverIRQHandler
                              0xbe1         Code  Wk  startup_MIMXRT1052.o [4]
LPUART7_IRQHandler            0xb21         Code  Wk  startup_MIMXRT1052.o [4]
LPUART8_DriverIRQHandler
                              0xbe1         Code  Wk  startup_MIMXRT1052.o [4]
LPUART8_IRQHandler            0xb29         Code  Wk  startup_MIMXRT1052.o [4]
MemManage_Handler             0x7cb         Code  Wk  startup_MIMXRT1052.o [4]
NMI_Handler                   0x6eb         Code  Wk  startup_MIMXRT1052.o [4]
PIT_IRQHandler                0xbe1         Code  Wk  startup_MIMXRT1052.o [4]
PMU_EVENT_IRQHandler          0xbe1         Code  Wk  startup_MIMXRT1052.o [4]
PWM1_0_IRQHandler             0xbe1         Code  Wk  startup_MIMXRT1052.o [4]
PWM1_1_IRQHandler             0xbe1         Code  Wk  startup_MIMXRT1052.o [4]
PWM1_2_IRQHandler             0xbe1         Code  Wk  startup_MIMXRT1052.o [4]
PWM1_3_IRQHandler             0xbe1         Code  Wk  startup_MIMXRT1052.o [4]
PWM1_FAULT_IRQHandler         0xbe1         Code  Wk  startup_MIMXRT1052.o [4]
PWM2_0_IRQHandler             0xbe1         Code  Wk  startup_MIMXRT1052.o [4]
PWM2_1_IRQHandler             0xbe1         Code  Wk  startup_MIMXRT1052.o [4]
PWM2_2_IRQHandler             0xbe1         Code  Wk  startup_MIMXRT1052.o [4]
PWM2_3_IRQHandler             0xbe1         Code  Wk  startup_MIMXRT1052.o [4]
PWM2_FAULT_IRQHandler         0xbe1         Code  Wk  startup_MIMXRT1052.o [4]
PWM3_0_IRQHandler             0xbe1         Code  Wk  startup_MIMXRT1052.o [4]
PWM3_1_IRQHandler             0xbe1         Code  Wk  startup_MIMXRT1052.o [4]
PWM3_2_IRQHandler             0xbe1         Code  Wk  startup_MIMXRT1052.o [4]
PWM3_3_IRQHandler             0xbe1         Code  Wk  startup_MIMXRT1052.o [4]
PWM3_FAULT_IRQHandler         0xbe1         Code  Wk  startup_MIMXRT1052.o [4]
PWM4_0_IRQHandler             0xbe1         Code  Wk  startup_MIMXRT1052.o [4]
PWM4_1_IRQHandler             0xbe1         Code  Wk  startup_MIMXRT1052.o [4]
PWM4_2_IRQHandler             0xbe1         Code  Wk  startup_MIMXRT1052.o [4]
PWM4_3_IRQHandler             0xbe1         Code  Wk  startup_MIMXRT1052.o [4]
PWM4_FAULT_IRQHandler         0xbe1         Code  Wk  startup_MIMXRT1052.o [4]
PXP_IRQHandler                0xbe1         Code  Wk  startup_MIMXRT1052.o [4]
PendSV_Handler                0xbe5         Code  Wk  startup_MIMXRT1052.o [4]
RTWDOG_IRQHandler             0xbe1         Code  Wk  startup_MIMXRT1052.o [4]
Region$$Table$$Base           0x9c4          --   Gb  - Linker created -
Region$$Table$$Limit          0x9d4          --   Gb  - Linker created -
Reserved115_IRQHandler        0xbe1         Code  Wk  startup_MIMXRT1052.o [4]
Reserved123_IRQHandler        0xbe1         Code  Wk  startup_MIMXRT1052.o [4]
Reserved143_IRQHandler        0xbe1         Code  Wk  startup_MIMXRT1052.o [4]
Reserved144_IRQHandler        0xbe1         Code  Wk  startup_MIMXRT1052.o [4]
Reserved68_IRQHandler         0xbe1         Code  Wk  startup_MIMXRT1052.o [4]
Reserved78_IRQHandler         0xbe1         Code  Wk  startup_MIMXRT1052.o [4]
Reserved86_IRQHandler         0xbe1         Code  Wk  startup_MIMXRT1052.o [4]
Reserved87_IRQHandler         0xbe1         Code  Wk  startup_MIMXRT1052.o [4]
Reset_Handler                 0x951         Code  Wk  startup_MIMXRT1052.o [4]
SAI1_DriverIRQHandler         0xbe1         Code  Wk  startup_MIMXRT1052.o [4]
SAI1_IRQHandler               0xb81         Code  Wk  startup_MIMXRT1052.o [4]
SAI2_DriverIRQHandler         0xbe1         Code  Wk  startup_MIMXRT1052.o [4]
SAI2_IRQHandler               0xb89         Code  Wk  startup_MIMXRT1052.o [4]
SAI3_RX_DriverIRQHandler
                              0xbe1         Code  Wk  startup_MIMXRT1052.o [4]
SAI3_RX_IRQHandler            0xb91         Code  Wk  startup_MIMXRT1052.o [4]
SAI3_TX_DriverIRQHandler
                              0xbe1         Code  Wk  startup_MIMXRT1052.o [4]
SAI3_TX_IRQHandler            0xb99         Code  Wk  startup_MIMXRT1052.o [4]
SCB_EnableDCache              0x7f7   0x52  Code  Lc  system_MIMXRT1052.o [4]
SCB_EnableICache              0x7cd   0x2a  Code  Lc  system_MIMXRT1052.o [4]
SEMC_IRQHandler               0xbe1         Code  Wk  startup_MIMXRT1052.o [4]
SJC_IRQHandler                0xbe1         Code  Wk  startup_MIMXRT1052.o [4]
SNVS_HP_WRAPPER_IRQHandler
                              0xbe1         Code  Wk  startup_MIMXRT1052.o [4]
SNVS_HP_WRAPPER_TZ_IRQHandler
                              0xbe1         Code  Wk  startup_MIMXRT1052.o [4]
SNVS_LP_WRAPPER_IRQHandler
                              0xbe1         Code  Wk  startup_MIMXRT1052.o [4]
SPDIF_DriverIRQHandler        0xbe1         Code  Wk  startup_MIMXRT1052.o [4]
SPDIF_IRQHandler              0xba1         Code  Wk  startup_MIMXRT1052.o [4]
SRC_IRQHandler                0xbe1         Code  Wk  startup_MIMXRT1052.o [4]
SVC_Handler                   0x9fb         Code  Wk  startup_MIMXRT1052.o [4]
SysTick_Handler               0xbe7         Code  Wk  startup_MIMXRT1052.o [4]
SystemInit                    0x849   0x8e  Code  Gb  system_MIMXRT1052.o [4]
SystemInitHook                0x915    0x2  Code  Wk  system_MIMXRT1052.o [4]
TEMP_LOW_HIGH_IRQHandler
                              0xbe1         Code  Wk  startup_MIMXRT1052.o [4]
TEMP_PANIC_IRQHandler         0xbe1         Code  Wk  startup_MIMXRT1052.o [4]
TMR1_IRQHandler               0xbe1         Code  Wk  startup_MIMXRT1052.o [4]
TMR2_IRQHandler               0xbe1         Code  Wk  startup_MIMXRT1052.o [4]
TMR3_IRQHandler               0xbe1         Code  Wk  startup_MIMXRT1052.o [4]
TMR4_IRQHandler               0xbe1         Code  Wk  startup_MIMXRT1052.o [4]
TRNG_IRQHandler               0xbe1         Code  Wk  startup_MIMXRT1052.o [4]
TSC_DIG_IRQHandler            0xbe1         Code  Wk  startup_MIMXRT1052.o [4]
USB_OTG1_IRQHandler           0xbe1         Code  Wk  startup_MIMXRT1052.o [4]
USB_OTG2_IRQHandler           0xbe1         Code  Wk  startup_MIMXRT1052.o [4]
USB_PHY1_IRQHandler           0xbe1         Code  Wk  startup_MIMXRT1052.o [4]
USB_PHY2_IRQHandler           0xbe1         Code  Wk  startup_MIMXRT1052.o [4]
USDHC1_DriverIRQHandler
                              0xbe1         Code  Wk  startup_MIMXRT1052.o [4]
USDHC1_IRQHandler             0xbc1         Code  Wk  startup_MIMXRT1052.o [4]
USDHC2_DriverIRQHandler
                              0xbe1         Code  Wk  startup_MIMXRT1052.o [4]
USDHC2_IRQHandler             0xbc9         Code  Wk  startup_MIMXRT1052.o [4]
UsageFault_Handler            0x9d5         Code  Wk  startup_MIMXRT1052.o [4]
WDOG1_IRQHandler              0xbe1         Code  Wk  startup_MIMXRT1052.o [4]
WDOG2_IRQHandler              0xbe1         Code  Wk  startup_MIMXRT1052.o [4]
XBAR1_IRQ_0_1_IRQHandler
                              0xbe1         Code  Wk  startup_MIMXRT1052.o [4]
XBAR1_IRQ_2_3_IRQHandler
                              0xbe1         Code  Wk  startup_MIMXRT1052.o [4]
ZI$$Base                0x2000'0000          --   Gb  - Linker created -
ZI$$Limit               0x2000'0014          --   Gb  - Linker created -
__NCACHE_REGION_SIZE {Abs}
                                0x0         Data  Gb  <internal module>
__NCACHE_REGION_START {Abs}
                        0x2020'0000         Data  Gb  <internal module>
__RAM_VECTOR_TABLE_SIZE {Abs}
                                0x0         Data  Gb  <internal module>
__VECTOR_RAM {Abs}              0x0         Data  Gb  <internal module>
__VECTOR_TABLE {Abs}            0x0         Data  Gb  <internal module>
__Vectors                       0x0          --   Gb  startup_MIMXRT1052.o [4]
__Vectors_End                 0x400         Data  Gb  startup_MIMXRT1052.o [4]
__Vectors_Size {Abs}          0x400          --   Gb  startup_MIMXRT1052.o [4]
__aeabi_memcpy                0x6ed         Code  Gb  ABImemcpy.o [9]
__aeabi_memcpy4               0x70d         Code  Gb  ABImemcpy.o [9]
__aeabi_memcpy8               0x70d         Code  Gb  ABImemcpy.o [9]
__cmain                       0x9d9         Code  Gb  cmain.o [9]
__exit                        0xa1d   0x14  Code  Gb  exit.o [10]
__iar_data_init3              0x979   0x28  Code  Gb  data_init.o [9]
__iar_init_vfp                0x9a1         Code  Gb  fpinit_M.o [8]
__iar_program_start           0xa4d         Code  Gb  cstartup_M.o [9]
__iar_zero_init3              0x917   0x38  Code  Gb  zero_init3.o [9]
__low_level_init              0x9f7    0x4  Code  Gb  low_level_init.o [7]
__vector_table                  0x0         Data  Gb  startup_MIMXRT1052.o [4]
__vector_table_0x1c            0x1c         Data  Gb  startup_MIMXRT1052.o [4]
_call_main                    0x9e5         Code  Gb  cmain.o [9]
_exit                         0xa11         Code  Gb  cexit.o [9]
exit                          0xa0d    0x4  Code  Gb  exit.o [7]
main                          0x9fd   0x10  Code  Gb  main.o [1]
s_debugConsole          0x2000'0000   0x14  Data  Lc  fsl_debug_console.o [6]
strlen                        0x795         Code  Gb  strlen.o [9]


[1] = E:\Code\MCU\RT1052NewProject\Prj\IAR\Debug\Obj\App\src
[2] = E:\Code\MCU\RT1052NewProject\Prj\IAR\Debug\Obj\Board\src
[3] = E:\Code\MCU\RT1052NewProject\Prj\IAR\Debug\Obj\Chip\src
[4] = E:\Code\MCU\RT1052NewProject\Prj\IAR\Debug\Obj\Chip\src\IAR
[5] = E:\Code\MCU\RT1052NewProject\Prj\IAR\Debug\Obj\Chip\src\common
[6] = E:\Code\MCU\RT1052NewProject\Prj\IAR\Debug\Obj\utilities\debug_console
[7] = dl7M_tln.a
[8] = m7M_tlv.a
[9] = rt7M_tl.a
[10] = shb_l.a

  3'002 bytes of readonly  code memory
     46 bytes of readonly  data memory
  1'044 bytes of readwrite data memory

Errors: none
Warnings: none
